[0m15:41:02.110617 [debug] [MainThread]: Sending event: {'category': 'dbt', 'action': 'invocation', 'label': 'start', 'context': [<snowplow_tracker.self_describing_json.SelfDescribingJson object at 0x000001FC78964A90>, <snowplow_tracker.self_describing_json.SelfDescribingJson object at 0x000001FC78A150D0>, <snowplow_tracker.self_describing_json.SelfDescribingJson object at 0x000001FC78B04D90>]}


============================== 15:41:02.114725 | 595fcfd3-777c-4209-ac16-16b92339a535 ==============================
[0m15:41:02.114725 [info ] [MainThread]: Running with dbt=1.12.3
[0m15:41:02.115782 [debug] [MainThread]: running dbt with arguments {'maximum_seed_size_mib': '1', 'no_print': 'None', 'version_check': 'True', 'warn_error_options': 'WarnErrorOptionsV2(error=[], warn=[], silence=[])', 'target_path': 'None', 'static_parser': 'True', 'printer_width': '80', 'write_json': 'True', 'empty': 'None', 'log_cache_events': 'False', 'introspect': 'True', 'cache_selected_only': 'False', 'log_format': 'default', 'debug': 'False', 'fail_fast': 'False', 'profiles_dir': 'C:\\Users\\alvin\\.dbt', 'send_anonymous_usage_stats': 'True', 'quiet': 'False', 'warn_error': 'None', 'partial_parse': 'True', 'indirect_selection': 'eager', 'hints_enabled': 'True', 'use_colors': 'True', 'use_experimental_parser': 'False', 'invocation_command': 'dbt source freshness', 'log_path': 'logs'}
[0m15:41:02.116782 [error] [MainThread]: [[31mERROR[0m]: Encountered an error:
Runtime Error
  No dbt_project.yml found at expected path C:\WALMART AGENTIC DATA ENGINEERING\airflow\dbt_project.yml
  Verify that each entry within packages.yml (and their transitive dependencies) contains a file named dbt_project.yml
  
[0m15:41:02.117782 [debug] [MainThread]: Command `dbt source freshness` failed at 15:41:02.117782 after 0.09 seconds
[0m15:41:02.117782 [debug] [MainThread]: Sending event: {'category': 'dbt', 'action': 'invocation', 'label': 'end', 'context': [<snowplow_tracker.self_describing_json.SelfDescribingJson object at 0x000001FC78B20390>, <snowplow_tracker.self_describing_json.SelfDescribingJson object at 0x000001FC78A1EA90>, <snowplow_tracker.self_describing_json.SelfDescribingJson object at 0x000001FC78A1FED0>]}
[0m15:41:02.117782 [debug] [MainThread]: Flushing usage events
[0m15:41:03.169350 [debug] [MainThread]: An error was encountered while trying to flush usage events
[0m04:05:52.743224 [debug] [MainThread]: Sending event: {'category': 'dbt', 'action': 'invocation', 'label': 'start', 'context': [<snowplow_tracker.self_describing_json.SelfDescribingJson object at 0x000002AF44A59350>, <snowplow_tracker.self_describing_json.SelfDescribingJson object at 0x000002AF44A58710>, <snowplow_tracker.self_describing_json.SelfDescribingJson object at 0x000002AF44A59750>]}


============================== 04:05:52.747742 | df07d048-3888-40b3-b13a-c5a7eb19e136 ==============================
[0m04:05:52.747742 [info ] [MainThread]: Running with dbt=1.12.3
[0m04:05:52.748743 [debug] [MainThread]: running dbt with arguments {'static_parser': 'True', 'no_print': 'None', 'version_check': 'True', 'warn_error_options': 'WarnErrorOptionsV2(error=[], warn=[], silence=[])', 'target_path': 'None', 'maximum_seed_size_mib': '1', 'printer_width': '80', 'write_json': 'True', 'introspect': 'True', 'log_cache_events': 'False', 'empty': 'False', 'cache_selected_only': 'False', 'log_format': 'default', 'debug': 'False', 'fail_fast': 'False', 'profiles_dir': 'C:\\Users\\alvin\\.dbt', 'send_anonymous_usage_stats': 'True', 'quiet': 'False', 'warn_error': 'None', 'partial_parse': 'True', 'use_colors': 'True', 'hints_enabled': 'True', 'invocation_command': 'dbt run --select silver_technical', 'use_experimental_parser': 'False', 'indirect_selection': 'eager', 'log_path': 'logs'}
[0m04:05:52.748743 [error] [MainThread]: [[31mERROR[0m]: Encountered an error:
Runtime Error
  No dbt_project.yml found at expected path C:\WALMART AGENTIC DATA ENGINEERING\airflow\dbt_project.yml
  Verify that each entry within packages.yml (and their transitive dependencies) contains a file named dbt_project.yml
  
[0m04:05:52.750279 [debug] [MainThread]: Command `dbt run` failed at 04:05:52.750279 after 0.08 seconds
[0m04:05:52.750786 [debug] [MainThread]: Sending event: {'category': 'dbt', 'action': 'invocation', 'label': 'end', 'context': [<snowplow_tracker.self_describing_json.SelfDescribingJson object at 0x000002AF44A4C610>, <snowplow_tracker.self_describing_json.SelfDescribingJson object at 0x000002AF44A4D810>, <snowplow_tracker.self_describing_json.SelfDescribingJson object at 0x000002AF44A5BE90>]}
[0m04:05:52.750786 [debug] [MainThread]: Flushing usage events
[0m04:05:53.776182 [debug] [MainThread]: An error was encountered while trying to flush usage events
