[0m00:16:50.311169 [debug] [MainThread]: Sending event: {'category': 'dbt', 'action': 'invocation', 'label': 'start', 'context': [<snowplow_tracker.self_describing_json.SelfDescribingJson object at 0x000001F3615B9F90>, <snowplow_tracker.self_describing_json.SelfDescribingJson object at 0x000001F3615BA350>, <snowplow_tracker.self_describing_json.SelfDescribingJson object at 0x000001F3615BA510>]}


============================== 00:16:50.334172 | 309c64d7-946d-4ea2-9d5d-613c9981c57e ==============================
[0m00:16:50.334172 [info ] [MainThread]: Running with dbt=1.12.3
[0m00:16:50.334709 [debug] [MainThread]: running dbt with arguments {'static_parser': 'True', 'no_print': 'None', 'maximum_seed_size_mib': '1', 'target_path': 'None', 'warn_error_options': 'WarnErrorOptionsV2(error=[], warn=[], silence=[])', 'version_check': 'True', 'printer_width': '80', 'write_json': 'True', 'introspect': 'True', 'log_cache_events': 'False', 'empty': 'None', 'cache_selected_only': 'False', 'fail_fast': 'False', 'debug': 'False', 'log_format': 'default', 'partial_parse': 'True', 'send_anonymous_usage_stats': 'True', 'quiet': 'False', 'warn_error': 'None', 'profiles_dir': 'C:\\Users\\alvin\\.dbt', 'invocation_command': 'dbt init', 'hints_enabled': 'True', 'use_colors': 'True', 'use_experimental_parser': 'False', 'indirect_selection': 'eager', 'log_path': 'logs'}
[0m00:16:50.395881 [info ] [MainThread]: Creating dbt configuration folder at C:\Users\alvin\.dbt
[0m00:17:07.547822 [debug] [MainThread]: Starter project path: C:\WALMART AGENTIC DATA ENGINEERING\.venv\Lib\site-packages\dbt\include\starter_project
[0m00:17:07.576976 [info ] [MainThread]: Setting up your profile.
[0m00:17:30.311291 [debug] [MainThread]: Spark adapter: Setting pyhive.hive logging to ERROR
[0m00:17:30.312291 [debug] [MainThread]: Spark adapter: Setting thrift.transport logging to ERROR
[0m00:17:30.312291 [debug] [MainThread]: Spark adapter: Setting thrift.protocol logging to ERROR
[0m00:20:34.003626 [info ] [MainThread]: Profile walmart_project written to C:\Users\alvin\.dbt\profiles.yml using target's profile_template.yml and your supplied values.
[0m00:20:34.008612 [info ] [MainThread]: Running dbt debug to validate the project...
[0m00:20:34.009654 [info ] [MainThread]: dbt version: 1.12.3
[0m00:20:34.009654 [info ] [MainThread]: python version: 3.11.4
[0m00:20:34.010575 [info ] [MainThread]: python path: C:\WALMART AGENTIC DATA ENGINEERING\.venv\Scripts\python.exe
[0m00:20:34.010575 [info ] [MainThread]: os info: Windows-10-10.0.26200-SP0
[0m00:20:34.064702 [info ] [MainThread]: Using profiles dir at C:\Users\alvin\.dbt
[0m00:20:34.065701 [info ] [MainThread]: Using profiles.yml file at C:\Users\alvin\.dbt\profiles.yml
[0m00:20:34.066702 [info ] [MainThread]: Using dbt_project.yml file at C:\WALMART AGENTIC DATA ENGINEERING\walmart_project\dbt_project.yml
[0m00:20:34.066702 [info ] [MainThread]: adapter type: databricks
[0m00:20:34.067701 [info ] [MainThread]: adapter version: 1.10.9
[0m00:20:34.146256 [info ] [MainThread]: Configuration:
[0m00:20:34.147217 [info ] [MainThread]:   profiles.yml file [[32mOK found and valid[0m]
[0m00:20:34.147217 [info ] [MainThread]:   dbt_project.yml file [[32mOK found and valid[0m]
[0m00:20:34.148248 [info ] [MainThread]: Required dependencies:
[0m00:20:34.148248 [debug] [MainThread]: Executing "git --help"
[0m00:20:34.179680 [debug] [MainThread]: STDOUT: "b"usage: git [-v | --version] [-h | --help] [-C <path>] [-c <name>=<value>]\n           [--exec-path[=<path>]] [--html-path] [--man-path] [--info-path]\n           [-p | --paginate | -P | --no-pager] [--no-replace-objects] [--no-lazy-fetch]\n           [--no-optional-locks] [--no-advice] [--bare] [--git-dir=<path>]\n           [--work-tree=<path>] [--namespace=<name>] [--config-env=<name>=<envvar>]\n           <command> [<args>]\n\nThese are common Git commands used in various situations:\n\nstart a working area (see also: git help tutorial)\n   clone      Clone a repository into a new directory\n   init       Create an empty Git repository or reinitialize an existing one\n\nwork on the current change (see also: git help everyday)\n   add        Add file contents to the index\n   mv         Move or rename a file, a directory, or a symlink\n   restore    Restore working tree files\n   rm         Remove files from the working tree and from the index\n\nexamine the history and state (see also: git help revisions)\n   bisect     Use binary search to find the commit that introduced a bug\n   diff       Show changes between commits, commit and working tree, etc\n   grep       Print lines matching a pattern\n   log        Show commit logs\n   show       Show various types of objects\n   status     Show the working tree status\n\ngrow, mark and tweak your common history\n   backfill   Download missing objects in a partial clone\n   branch     List, create, or delete branches\n   commit     Record changes to the repository\n   merge      Join two or more development histories together\n   rebase     Reapply commits on top of another base tip\n   reset      Reset current HEAD to the specified state\n   switch     Switch branches\n   tag        Create, list, delete or verify a tag object signed with GPG\n\ncollaborate (see also: git help workflows)\n   fetch      Download objects and refs from another repository\n   pull       Fetch from and integrate with another repository or a local branch\n   push       Update remote refs along with associated objects\n\n'git help -a' and 'git help -g' list available subcommands and some\nconcept guides. See 'git help <command>' or 'git help <concept>'\nto read about a specific subcommand or concept.\nSee 'git help git' for an overview of the system.\n""
[0m00:20:34.181186 [debug] [MainThread]: STDERR: "b''"
[0m00:20:34.181186 [info ] [MainThread]:  - git [[32mOK found[0m]

[0m00:20:34.182191 [info ] [MainThread]: Connection:
[0m00:20:34.182191 [info ] [MainThread]:   host: dbc-e0c6e1e9-821d.cloud.databricks.com
[0m00:20:34.183191 [info ] [MainThread]:   http_path: /sql/1.0/warehouses/25970cb1bd311397
[0m00:20:34.183191 [info ] [MainThread]:   catalog: walmart_db
[0m00:20:34.183191 [info ] [MainThread]:   schema: dbt_schema
[0m00:20:34.184190 [info ] [MainThread]: Registered adapter: databricks=1.10.9
[0m00:20:34.490450 [debug] [MainThread]: Databricks adapter: DatabricksDBTConnection(session-id=None, name=debug) - Creating connection
[0m00:20:34.491455 [debug] [MainThread]: Acquiring new databricks connection 'debug'
[0m00:20:34.491455 [debug] [MainThread]: Using databricks connection "debug"
[0m00:20:34.491455 [debug] [MainThread]: On debug: select 1 as id
[0m00:20:34.492456 [debug] [MainThread]: Opening a new connection, currently in state init
[0m00:20:36.908410 [debug] [MainThread]: Databricks adapter: Connection(session-id=01f19e45-77f9-1abd-81e5-18b0d41505a4) - Created
[0m00:20:47.594377 [debug] [MainThread]: SQL status: OK in 13.100 seconds
[0m00:20:47.595376 [debug] [MainThread]: Databricks adapter: Cursor(session-id=01f19e45-77f9-1abd-81e5-18b0d41505a4, command-id=01f19e45-78df-1ce2-b7b5-8e2bfbb075a4) - Closing
[0m00:20:48.061089 [debug] [MainThread]: On debug: Close
[0m00:20:48.062094 [debug] [MainThread]: Databricks adapter: Connection(session-id=01f19e45-77f9-1abd-81e5-18b0d41505a4) - Closing
[0m00:20:48.391253 [info ] [MainThread]:   Connection test: [[32mOK connection ok[0m]

[0m00:20:48.392243 [info ] [MainThread]: [32mAll checks passed![0m
[0m00:20:48.393249 [info ] [MainThread]: Your new dbt project "walmart_project" was created!
Initialized new project in C:\WALMART AGENTIC DATA ENGINEERING\walmart_project\walmart_project

For more information on how to configure the profiles.yml file,
please consult the dbt documentation here:

  https://docs.getdbt.com/docs/configure-your-profile

One more thing:

Need help? Don't hesitate to reach out to us via GitHub issues or on Slack:

  https://community.getdbt.com/

Happy modeling!

[0m00:20:48.394249 [debug] [MainThread]: Command `dbt init` succeeded at 00:20:48.394249 after 238.20 seconds
[0m00:20:48.394249 [debug] [MainThread]: Sending event: {'category': 'dbt', 'action': 'invocation', 'label': 'end', 'context': [<snowplow_tracker.self_describing_json.SelfDescribingJson object at 0x000001F360F64110>, <snowplow_tracker.self_describing_json.SelfDescribingJson object at 0x000001F36117BC10>, <snowplow_tracker.self_describing_json.SelfDescribingJson object at 0x000001F36117B610>]}
[0m00:20:48.395248 [debug] [MainThread]: Flushing usage events
[0m00:20:49.408991 [debug] [MainThread]: An error was encountered while trying to flush usage events
